// Jest Snapshot v1, https://goo.gl/fbAQLP

exports[`Product should match snapshot 1`] = `[Function]`;
