// Jest Snapshot v1, https://goo.gl/fbAQLP

exports[`AddedProductsList should match snapshot 1`] = `[Function]`;
