// Jest Snapshot v1, https://goo.gl/fbAQLP

exports[`AddedProduct should match snapshot 1`] = `[Function]`;
